smash> smash error: kill: invalid arguments
smash> smash error: kill: job-id -1 does not exist
smash> smash error: kill: invalid arguments
smash> smash error: kill: job-id 1 does not exist
smash> smash error: kill: invalid arguments
smash> smash error: kill: invalid arguments
smash> smash error: kill: invalid arguments
smash> smash error: kill: job-id 1 does not exist
smash> smash> smash error: kill: invalid arguments
smash> smash error: kill: invalid arguments
smash> smash error: kill: invalid arguments
smash> smash error: kill: invalid arguments
smash> smash error: kill: invalid arguments
smash> signal number 9 was sent to pid 17303
smash> smash error: kill: job-id 1 does not exist
smash> smash> smash> smash error: kill: Invalid argument
smash> [1] sleep 10& : 17304 0 secs
smash> smash> [1] sleep 10& : 17304 0 secs
[2] sleep 5& : 17305 0 secs
smash> smash> [1] sleep 10& : 17304 2 secs
[2] sleep 5& : 17305 2 secs
[3] sleep 3& : 17306 1 secs
smash> smash error: kill: invalid arguments
smash> smash error: kill: invalid arguments
smash> smash> smash> [1] sleep 10 & : 17307 4 secs
smash> signal number 9 was sent to pid 17307
smash> smash> smash> smash> smash: got ctrl-Z
smash: process 17310 was stopped
smash> [1] sleep 5& : 17308 0 secs
[2]           sleep        10   & : 17309 0 secs
[3] sleep 15 : 17310 0 secs (stopped)
smash> signal number 9 was sent to pid 17308
smash> [2]           sleep        10   & : 17309 0 secs
[3] sleep 15 : 17310 0 secs (stopped)
smash> signal number 9 was sent to pid 17309
smash> [3] sleep 15 : 17310 1 secs (stopped)
smash> signal number 9 was sent to pid 17310
smash> smash> smash> signal number 19 was sent to pid 17311
smash> [1] sleep 10& : 17311 2 secs
smash> smash: got ctrl-C
smash: process 17313 was killed
smash> signal number 9 was sent to pid 17311
smash> smash: sending SIGKILL signal to 0 jobs:
