smash> my_sleep
random1.txt
ransmash> look here
smash> /bin/bash: not_real_command: command not found
smash> smash> smash> smash> my_sleep
random1.txt
random2.txt
sub1
sub2
sub3
smash> 0
2
Done: 3
smash> smash pid is 17225
smash> smash pid is 17225
smash> /tmp/smash_test
smash> smash> [1] sleep 100& : 17248 0 secs
smash> /tmp/smash_test
smash> smash> smash> [1] sleep 100& : 17248 1 secs
[2] sleep 20& : 17251 1 secs
[3] sleep 10& : 17252 1 secs
smash> signal number 9 was sent to pid 17248
smash> signal number 9 was sent to pid 17251
smash> [3] sleep 10& : 17252 1 secs
smash> smash> signal number 9 was sent to pid 17261
smash> [3] sleep 10& : 17252 2 secs
smash> smash error: tail: invalid arguments
smash> smash error: tail: invalid arguments
smash> smash error: tail: invalid arguments
smash> smash error: tail: invalid arguments
smash> smash error: tail: invalid arguments
smash> smash error: tail: invalid arguments
smash> smash error: tail: invalid arguments
smash> smash error: tail: invalid arguments
smash> [3] sleep 10& : 17252 4 secs
smash> smash: sending SIGKILL signal to 1 jobs:
17252: sleep 10&
