smash> smash> smash> /tmp/smash_test
smash> smash pid is 17888
smash> smash: got ctrl-Z
smash: process 17891 was stopped
smash> [1] sleep 100& : 17889 1 secs
[2] sleep 50& : 17890 0 secs
[3] sleep 20 : 17891 0 secs (stopped)
smash> smash: sending SIGKILL signal to 3 jobs:
17889: sleep 100&
17890: sleep 50&
17891: sleep 20
