smash>smash pid is 4258
smash>smash pid is 4258
smash>smash pid is 4258
smash>smash pid is 4258
smash>/bin/bash: showpid: command not found
smash>smash>