smash> smash> smash: got ctrl-Z
smash: process 17174 was stopped
smash> [1] timeout 110 sleep 20 & : 17173 6 secs
[2] sleep 150 : 17174 0 secs (stopped)
smash> smash: got ctrl-C
smash: process 17175 was killed
smash> [1] timeout 110 sleep 20 & : 17173 13 secs
[2] sleep 150 : 17174 7 secs (stopped)
smash> cat: test_in: No such file or directory
smash> smash> smash> smash> cat: test_in2: No such file or directory
smash> smash> smash> smash> smash> smash> [1] timeout 110 sleep 20 & : 17173 14 secs
[2] sleep 150 : 17174 8 secs (stopped)
[3] timeout 15 sleep 5& : 17184 1 secs
[4] timeout 10 sleep 16& : 17185 0 secs
[5] timeout 30 sleep 7 & : 17186 0 secs
smash> smash: got an alarm
smash: got an alarm
smash: timeout 10 sleep 16& timed out!
smash: got ctrl-C
smash: got ctrl-Z
smash pid is 17172
smash> smash pid is 17172
smash> smash: got ctrl-Z
[2] sleep 150 : 17174 23 secs (stopped)
smash> sleep 150 : 17174
smash: got ctrl-Z
smash: process 17174 was stopped
smash> [2] sleep 150 : 17174 0 secs (stopped)
smash> smash> smash> sleep 100& : 17188
smash: got ctrl-Z
smash: process 17188 was stopped
smash> [1] sleep 15& : 17187 6 secs
[2] sleep 150 : 17174 6 secs (stopped)
[3] sleep 100& : 17188 6 secs (stopped)
smash> sleep 100& : 17188
smash> [1] sleep 15& : 17187 11 secs
[2] sleep 150 : 17174 11 secs (stopped)
[3] sleep 100& : 17188 11 secs
smash> smash> signal number 9 was sent to pid 17189
smash> [2] sleep 150 : 17174 21 secs (stopped)
[3] sleep 100& : 17188 21 secs
smash> signal number 19 was sent to pid 17188
smash> smash> signal number 18 was sent to pid 17188
smash> smash: got an alarm
[1] sleep 200& : 17190 7 secs
[2] sleep 150 : 17174 34 secs (stopped)
[3] sleep 100& : 17188 34 secs
smash> smash> smash> smash> [1] sleep 200& : 17190 7 secs
[2] sleep 150 : 17174 34 secs (stopped)
[3] sleep 100& : 17188 34 secs
[4] sleep 100& : 17191 0 secs
[5] sleep 200& : 17192 0 secs
[6] sleep 500 & : 17193 0 secs
smash> smash error: kill: job-id 8 does not exist
smash> smash> smash error: kill: job-id 8 does not exist
smash> [1] sleep 200& : 17190 20 secs
[2] sleep 150 : 17174 47 secs (stopped)
[3] sleep 100& : 17188 47 secs
[4] sleep 100& : 17191 13 secs
[5] sleep 200& : 17192 13 secs
[6] sleep 500 & : 17193 13 secs
[7] sleep 200& : 17194 7 secs
smash> smash error: fg: job-id 10 does not exist
smash> smash: got ctrl-Z
sleep 200& : 17194
smash: got ctrl-Z
smash: process 17194 was stopped
smash> smash error: fg: job-id 8 does not exist
smash> smash: got ctrl-C
[1] sleep 200& : 17190 42 secs
[2] sleep 150 : 17174 69 secs (stopped)
[3] sleep 100& : 17188 69 secs
[4] sleep 100& : 17191 35 secs
[5] sleep 200& : 17192 35 secs
[6] sleep 500 & : 17193 35 secs
[7] sleep 200& : 17194 7 secs (stopped)
smash> smash> /tmp/smash_test
smash> smash error: cd: OLDPWD not set
smash> smash error: cd: OLDPWD not set
smash> /tmp/smash_test
smash> smash> smash: got an alarm
smash: timeout 10 sleep 150& timed out!
smash error: tail: invalid arguments
did I pass the test?
smash> smash> did I pass the test?
I hope so
smash> Bye Bye
smash> smash: sending SIGKILL signal to 7 jobs:
17190: sleep 200&
17174: sleep 150
17188: sleep 100&
17191: sleep 100&
17192: sleep 200&
17193: sleep 500 &
17194: sleep 200&
