smash> smash error: timeout: invalid arguments
smash> smash error: timeout: invalid arguments
smash> smash error: timeout: invalid arguments
smash> my_sleep
random1.txt
random2.txt
sub1
sub2
sub3
smash> before
smash> smash: got an alarm
after
smash> 0
Done: 2
smash> smash: got an alarm
after
smash> 0
2
