smash> smash> smash> smash> smash> smash> smash> smash> [1] sleep 100&: 5019 0 secs
[2] sleep 200&: 5020 0 secs
[3] sleep 300&: 5021 0 secs
[4] sleep 400&: 5022 0 secs
[5] sleep 20&: 5023 0 secs
[6] sleep 600&: 5024 0 secs
[7] sleep 700&: 5025 0 secs
smash> smash> smash> [1] sleep 100&: 5019 1 secs
[2] sleep 200&: 5020 1 secs
[3] sleep 300&: 5021 1 secs
[4] sleep 400&: 5022 1 secs
[5] sleep 20&: 5023 1 secs
[6] sleep 600&: 5024 1 secs
[7] sleep 700&: 5025 1 secs
[8] sleep 800&: 5026 0 secs
[9] sleep 900&: 5027 0 secs
smash> smash> [1] sleep 100&: 5019 1 secs
[2] sleep 200&: 5020 1 secs
[4] sleep 400&: 5022 1 secs
[5] sleep 20&: 5023 1 secs
[6] sleep 600&: 5024 1 secs
[7] sleep 700&: 5025 1 secs
[8] sleep 800&: 5026 0 secs
[9] sleep 900&: 5027 0 secs
smash> smash> [1] sleep 100&: 5019 1 secs
[2] sleep 200&: 5020 1 secs
[4] sleep 400&: 5022 1 secs
[5] sleep 20&: 5023 1 secs
[6] sleep 600&: 5024 1 secs
[7] sleep 700&: 5025 1 secs
[8] sleep 800&: 5026 0 secs
[9] sleep 900&: 5027 0 secs
[10] sleep 1000&: 5028 0 secs
smash> smash> [1] sleep 100&: 5019 1 secs
[2] sleep 200&: 5020 1 secs
[4] sleep 400&: 5022 1 secs
[5] sleep 20&: 5023 1 secs
[6] sleep 600&: 5024 1 secs
[7] sleep 700&: 5025 1 secs
[8] sleep 800&: 5026 0 secs
[9] sleep 900&: 5027 0 secs
smash> smash> [1] sleep 100&: 5019 2 secs
[2] sleep 200&: 5020 2 secs
[4] sleep 400&: 5022 2 secs
[5] sleep 20&: 5023 2 secs
[6] sleep 600&: 5024 2 secs
[7] sleep 700&: 5025 2 secs
[8] sleep 800&: 5026 1 secs
[9] sleep 900&: 5027 1 secs
[10] sleep 1001&: 5029 1 secs
smash> sleep 1001&: 5029
smash: got ctrl-Z
process 5029 was stopped
smash> [1] sleep 100&: 5019 2 secs
[2] sleep 200&: 5020 2 secs
[4] sleep 400&: 5022 2 secs
[5] sleep 20&: 5023 2 secs
[6] sleep 600&: 5024 2 secs
[7] sleep 700&: 5025 2 secs
[8] sleep 800&: 5026 1 secs
[9] sleep 900&: 5027 1 secs
[10] sleep 1001&: 5029 0 secs (stopped)
smash> sleep 1001&: 5029
smash: got ctrl-Z
process 5029 was stopped
smash> [1] sleep 100&: 5019 2 secs
[2] sleep 200&: 5020 2 secs
[4] sleep 400&: 5022 2 secs
[5] sleep 20&: 5023 2 secs
[6] sleep 600&: 5024 2 secs
[7] sleep 700&: 5025 2 secs
[8] sleep 800&: 5026 1 secs
[9] sleep 900&: 5027 1 secs
[10] sleep 1001&: 5029 0 secs (stopped)
smash> sleep 1001&: 5029
smash: got ctrl-Z
process 5029 was stopped
smash> [1] sleep 100&: 5019 2 secs
[2] sleep 200&: 5020 2 secs
[4] sleep 400&: 5022 2 secs
[5] sleep 20&: 5023 2 secs
[6] sleep 600&: 5024 2 secs
[7] sleep 700&: 5025 2 secs
[8] sleep 800&: 5026 1 secs
[9] sleep 900&: 5027 1 secs
[10] sleep 1001&: 5029 0 secs (stopped)
smash> sleep 1001&: 5029
smash: got ctrl-Z
process 5029 was stopped
smash> [1] sleep 100&: 5019 3 secs
[2] sleep 200&: 5020 3 secs
[4] sleep 400&: 5022 3 secs
[5] sleep 20&: 5023 3 secs
[6] sleep 600&: 5024 3 secs
[7] sleep 700&: 5025 3 secs
[8] sleep 800&: 5026 2 secs
[9] sleep 900&: 5027 2 secs
[10] sleep 1001&: 5029 0 secs (stopped)
smash> smash: got ctrl-C
[1] sleep 100&: 5019 3 secs
[2] sleep 200&: 5020 3 secs
[4] sleep 400&: 5022 3 secs
[5] sleep 20&: 5023 3 secs
[6] sleep 600&: 5024 3 secs
[7] sleep 700&: 5025 3 secs
[8] sleep 800&: 5026 2 secs
[9] sleep 900&: 5027 2 secs
[10] sleep 1001&: 5029 0 secs (stopped)
smash> smash: got ctrl-Z
process 5030 was stopped
smash> [1] sleep 100&: 5019 6 secs
[2] sleep 200&: 5020 6 secs
[4] sleep 400&: 5022 6 secs
[5] sleep 20&: 5023 6 secs
[6] sleep 600&: 5024 6 secs
[7] sleep 700&: 5025 6 secs
[8] sleep 800&: 5026 5 secs
[9] sleep 900&: 5027 5 secs
[10] sleep 1001&: 5029 3 secs (stopped)
[11] sleep 1002: 5030 0 secs (stopped)
smash> 