smash> smash pid is 5004
smash> smash pid is 5004
smash> smash pid is 5004
smash> smash pid is 5004
smash> smash pid is 5004
smash> smash> 