smash> smash> smash: got ctrl-Z
process 5056 was stopped
smash> [1] timeout 110 sleep 20 &: 5054 6 secs
[2] sleep 150: 5056 0 secs (stopped)
smash> smash: got ctrl-C
process 5057 was killed
smash> [1] timeout 110 sleep 20 &: 5054 13 secs
[2] sleep 150: 5056 7 secs (stopped)
smash> cat: test_in: No such file or directory
smash> smash> smash pid is 5053
smash> smash> cat: test_in2: No such file or directory
smash> smash> smash> smash> smash> smash> [1] timeout 110 sleep 20 &: 5054 14 secs
[2] sleep 150: 5056 8 secs (stopped)
[3] timeout 15 sleep 5&: 5067 0 secs
[4] timeout 10 sleep 16&: 5069 0 secs
[5] timeout 30 sleep 7 &: 5071 0 secs
smash> 